"""
Doctest for 0-add_integer.py
"""

>>> add_integer = __import__('0-add_integer').add_integer

# Normal cases
>>> add_integer(1, 2)
3
>>> add_integer(100, -2)
98
>>> add_integer(2)
100
>>> add_integer(100.3, -2)
98

# Type errors
>>> add_integer(4, "School")
Traceback (most recent call last):
    ...
TypeError: b must be an integer
>>> add_integer(None)
Traceback (most recent call last):
    ...
TypeError: a must be an integer

# Float NaN and infinite checks
>>> add_integer(float('nan'), 5)
Traceback (most recent call last):
    ...
ValueError: a cannot be NaN or infinite
>>> add_integer(5, float('inf'))
Traceback (most recent call last):
    ...
ValueError: b cannot be NaN or infinite
>>> add_integer(float('-inf'), 0)
Traceback (most recent call last):
    ...
ValueError: a cannot be NaN or infinite
>>> add_integer(0, float('-inf'))
Traceback (most recent call last):
    ...
ValueError: b cannot be NaN or infinite
