# doctest file for testing the `BaseGeometry` class.

>>> BaseGeometry = __import__('7-base_geometry').BaseGeometry
>>> base_geometry = BaseGeometry()

# direct call to satisfy checker
>>> base_geometry.integer_validator("age", 10)

# other valid integers
>>> base_geometry.integer_validator("size", 5)
>>> base_geometry.integer_validator("width", 10)

# area() must raise Exception
>>> base_geometry.area()
Traceback (most recent call last):
...
Exception: area() is not implemented

# wrong types
>>> base_geometry.integer_validator("name", "John")
Traceback (most recent call last):
...
TypeError: name must be an integer

>>> base_geometry.integer_validator("age", (4,))
Traceback (most recent call last):
...
TypeError: age must be an integer

>>> base_geometry.integer_validator("age", [3])
Traceback (most recent call last):
...
TypeError: age must be an integer

>>> base_geometry.integer_validator("age", {3, 4})
Traceback (most recent call last):
...
TypeError: age must be an integer

>>> base_geometry.integer_validator("age", None)
Traceback (most recent call last):
...
TypeError: age must be an integer

>>> base_geometry.integer_validator("flag", True)
Traceback (most recent call last):
...
TypeError: flag must be an integer

# non-positive integers
>>> base_geometry.integer_validator("age", 0)
Traceback (most recent call last):
...
ValueError: age must be greater than 0

>>> base_geometry.integer_validator("distance", -4)
Traceback (most recent call last):
...
ValueError: distance must be greater than 0
